before:
- ''
commands:
- entrySelectTags
- tagsInsert a
after:
- header: ''
  tags:
  - a
