before:
- forest:
  - world
  entry: hello
commands:
- forestDeleteCurrentEntry
after:
- world
