before: []
commands:
- startHeaderFromEmptyAndSelectHeader
- headerInsert h
- headerInsert e
- headerInsert l
- headerInsert l
- headerInsert o
- entrySelectWhole
- undo
after: []
